﻿D├®but du test API Professeur
User set to: S├®gb├®gnon Mario Benjamin MITCHOAGAN
=== TEST DASHBOARD ===
Status: 200
Donn├®es: success, professeur, stats, communiques, evenements

=== TEST CLASSES ===
Status: 401
Erreur classes: Undefined array key "classes" 
 #0 C:\Users\SURFACE LAPTOP 3\Notredamepro\vendor\laravel\framework\src\Illuminate\Foundation\Bootstrap\HandleExceptions.php(258): Illuminate\Foundation\Bootstrap\HandleExceptions->handleError(2, 'Undefined array...', 'C:\\Users\\SURFAC...', 73)
#1 C:\Users\SURFACE LAPTOP 3\Notredamepro\app\Console\Commands\TestProfesseur.php(73): Illuminate\Foundation\Bootstrap\HandleExceptions->{closure:Illuminate\Foundation\Bootstrap\HandleExceptions::forwardsTo():257}(2, 'Undefined array...', 'C:\\Users\\SURFAC...', 73)
#2 C:\Users\SURFACE LAPTOP 3\Notredamepro\vendor\laravel\framework\src\Illuminate\Container\BoundMethod.php(36): App\Console\Commands\TestProfesseur->handle()
#3 C:\Users\SURFACE LAPTOP 3\Notredamepro\vendor\laravel\framework\src\Illuminate\Container\Util.php(43): Illuminate\Container\BoundMethod::{closure:Illuminate\Container\BoundMethod::call():35}()
#4 C:\Users\SURFACE LAPTOP 3\Notredamepro\vendor\laravel\framework\src\Illuminate\Container\BoundMethod.php(96): Illuminate\Container\Util::unwrapIfClosure(Object(Closure))
#5 C:\Users\SURFACE LAPTOP 3\Notredamepro\vendor\laravel\framework\src\Illuminate\Container\BoundMethod.php(35): Illuminate\Container\BoundMethod::callBoundMethod(Object(Illuminate\Foundation\Application), Array, Object(Closure))
#6 C:\Users\SURFACE LAPTOP 3\Notredamepro\vendor\laravel\framework\src\Illuminate\Container\Container.php(799): Illuminate\Container\BoundMethod::call(Object(Illuminate\Foundation\Application), Array, Array, NULL)
#7 C:\Users\SURFACE LAPTOP 3\Notredamepro\vendor\laravel\framework\src\Illuminate\Console\Command.php(211): Illuminate\Container\Container->call(Array)
#8 C:\Users\SURFACE LAPTOP 3\Notredamepro\vendor\symfony\console\Command\Command.php(341): Illuminate\Console\Command->execute(Object(Symfony\Component\Console\Input\ArgvInput), Object(Illuminate\Console\OutputStyle))
#9 C:\Users\SURFACE LAPTOP 3\Notredamepro\vendor\laravel\framework\src\Illuminate\Console\Command.php(180): Symfony\Component\Console\Command\Command->run(Object(Symfony\Component\Console\Input\ArgvInput), Object(Illuminate\Console\OutputStyle))
#10 C:\Users\SURFACE LAPTOP 3\Notredamepro\vendor\symfony\console\Application.php(1102): Illuminate\Console\Command->run(Object(Symfony\Component\Console\Input\ArgvInput), Object(Symfony\Component\Console\Output\ConsoleOutput))
#11 C:\Users\SURFACE LAPTOP 3\Notredamepro\vendor\symfony\console\Application.php(356): Symfony\Component\Console\Application->doRunCommand(Object(App\Console\Commands\TestProfesseur), Object(Symfony\Component\Console\Input\ArgvInput), Object(Symfony\Component\Console\Output\ConsoleOutput))
#12 C:\Users\SURFACE LAPTOP 3\Notredamepro\vendor\symfony\console\Application.php(195): Symfony\Component\Console\Application->doRun(Object(Symfony\Component\Console\Input\ArgvInput), Object(Symfony\Component\Console\Output\ConsoleOutput))
#13 C:\Users\SURFACE LAPTOP 3\Notredamepro\vendor\laravel\framework\src\Illuminate\Foundation\Console\Kernel.php(198): Symfony\Component\Console\Application->run(Object(Symfony\Component\Console\Input\ArgvInput), Object(Symfony\Component\Console\Output\ConsoleOutput))
#14 C:\Users\SURFACE LAPTOP 3\Notredamepro\vendor\laravel\framework\src\Illuminate\Foundation\Application.php(1235): Illuminate\Foundation\Console\Kernel->handle(Object(Symfony\Component\Console\Input\ArgvInput), Object(Symfony\Component\Console\Output\ConsoleOutput))
#15 C:\Users\SURFACE LAPTOP 3\Notredamepro\artisan(16): Illuminate\Foundation\Application->handleCommand(Object(Symfony\Component\Console\Input\ArgvInput))
#16 {main}

=== TEST EMPLOI DU TEMPS ===
Status: 403
Fin des tests.
